NON DECREASING
NON INCREASING
NONE
NON DECREASING
ALL EQUAL
NONE
NON DECREASING
